Archive member included because of file (symbol)

/Users/clementgix/pebble-dev/PebbleSDK-2.0.0/Pebble/lib/libpebble.a(tmpHP0PEBpebble.o)
                              src/E8.c.12.o (animation_schedule)

Allocating common symbols
Common symbol       size              file

inverted            0x1               src/E8.c.12.o

Discarded input sections

 .text          0x0000000000000000        0x0 /Users/clementgix/pebble-dev/PebbleSDK-2.0.0/arm-cs-tools/bin/../lib/gcc/arm-none-eabi/4.7.2/thumb2/crti.o
 .bss           0x0000000000000000        0x0 /Users/clementgix/pebble-dev/PebbleSDK-2.0.0/arm-cs-tools/bin/../lib/gcc/arm-none-eabi/4.7.2/thumb2/crti.o
 .init          0x0000000000000000        0x4 /Users/clementgix/pebble-dev/PebbleSDK-2.0.0/arm-cs-tools/bin/../lib/gcc/arm-none-eabi/4.7.2/thumb2/crti.o
 .fini          0x0000000000000000        0x4 /Users/clementgix/pebble-dev/PebbleSDK-2.0.0/arm-cs-tools/bin/../lib/gcc/arm-none-eabi/4.7.2/thumb2/crti.o
 .text          0x0000000000000000       0xc8 /Users/clementgix/pebble-dev/PebbleSDK-2.0.0/arm-cs-tools/bin/../lib/gcc/arm-none-eabi/4.7.2/thumb2/crtbegin.o
 .bss           0x0000000000000000       0x1c /Users/clementgix/pebble-dev/PebbleSDK-2.0.0/arm-cs-tools/bin/../lib/gcc/arm-none-eabi/4.7.2/thumb2/crtbegin.o
 .init_array    0x0000000000000000        0x4 /Users/clementgix/pebble-dev/PebbleSDK-2.0.0/arm-cs-tools/bin/../lib/gcc/arm-none-eabi/4.7.2/thumb2/crtbegin.o
 .fini_array    0x0000000000000000        0x4 /Users/clementgix/pebble-dev/PebbleSDK-2.0.0/arm-cs-tools/bin/../lib/gcc/arm-none-eabi/4.7.2/thumb2/crtbegin.o
 .eh_frame      0x0000000000000000        0x0 /Users/clementgix/pebble-dev/PebbleSDK-2.0.0/arm-cs-tools/bin/../lib/gcc/arm-none-eabi/4.7.2/thumb2/crtbegin.o
 .jcr           0x0000000000000000        0x0 /Users/clementgix/pebble-dev/PebbleSDK-2.0.0/arm-cs-tools/bin/../lib/gcc/arm-none-eabi/4.7.2/thumb2/crtbegin.o
 .tm_clone_table
                0x0000000000000000        0x0 /Users/clementgix/pebble-dev/PebbleSDK-2.0.0/arm-cs-tools/bin/../lib/gcc/arm-none-eabi/4.7.2/thumb2/crtbegin.o
 .text          0x0000000000000000        0x0 src/E8.c.12.o
 .bss           0x0000000000000000        0x0 src/E8.c.12.o
 .text.convert_to_ten_of_hour
                0x0000000000000000       0x12 src/E8.c.12.o
 .text.convert_to_one_of_hour
                0x0000000000000000        0xc src/E8.c.12.o
 .text.convert_to_ten_of_minute
                0x0000000000000000       0x12 src/E8.c.12.o
 .text.convert_to_one_of_minute
                0x0000000000000000        0xc src/E8.c.12.o
 .text          0x0000000000000000        0x0 appinfo.auto.c.12.o
 .bss           0x0000000000000000        0x0 appinfo.auto.c.12.o
 .bss           0x0000000000000000        0x0 /Users/clementgix/pebble-dev/PebbleSDK-2.0.0/Pebble/lib/libpebble.a(tmpHP0PEBpebble.o)
 .text.accel_data_service_subscribe__deprecated
                0x0000000000000000        0xc /Users/clementgix/pebble-dev/PebbleSDK-2.0.0/Pebble/lib/libpebble.a(tmpHP0PEBpebble.o)
 .text.accel_data_service_unsubscribe
                0x0000000000000000        0xc /Users/clementgix/pebble-dev/PebbleSDK-2.0.0/Pebble/lib/libpebble.a(tmpHP0PEBpebble.o)
 .text.accel_service_peek
                0x0000000000000000        0xc /Users/clementgix/pebble-dev/PebbleSDK-2.0.0/Pebble/lib/libpebble.a(tmpHP0PEBpebble.o)
 .text.accel_service_set_samples_per_update
                0x0000000000000000        0xc /Users/clementgix/pebble-dev/PebbleSDK-2.0.0/Pebble/lib/libpebble.a(tmpHP0PEBpebble.o)
 .text.accel_service_set_sampling_rate
                0x0000000000000000        0xc /Users/clementgix/pebble-dev/PebbleSDK-2.0.0/Pebble/lib/libpebble.a(tmpHP0PEBpebble.o)
 .text.accel_tap_service_subscribe
                0x0000000000000000        0xc /Users/clementgix/pebble-dev/PebbleSDK-2.0.0/Pebble/lib/libpebble.a(tmpHP0PEBpebble.o)
 .text.accel_tap_service_unsubscribe
                0x0000000000000000        0xc /Users/clementgix/pebble-dev/PebbleSDK-2.0.0/Pebble/lib/libpebble.a(tmpHP0PEBpebble.o)
 .text.action_bar_layer_add_to_window
                0x0000000000000000        0xc /Users/clementgix/pebble-dev/PebbleSDK-2.0.0/Pebble/lib/libpebble.a(tmpHP0PEBpebble.o)
 .text.action_bar_layer_clear_icon
                0x0000000000000000        0xc /Users/clementgix/pebble-dev/PebbleSDK-2.0.0/Pebble/lib/libpebble.a(tmpHP0PEBpebble.o)
 .text.action_bar_layer_create
                0x0000000000000000        0xc /Users/clementgix/pebble-dev/PebbleSDK-2.0.0/Pebble/lib/libpebble.a(tmpHP0PEBpebble.o)
 .text.action_bar_layer_destroy
                0x0000000000000000        0xc /Users/clementgix/pebble-dev/PebbleSDK-2.0.0/Pebble/lib/libpebble.a(tmpHP0PEBpebble.o)
 .text.action_bar_layer_get_layer
                0x0000000000000000        0xc /Users/clementgix/pebble-dev/PebbleSDK-2.0.0/Pebble/lib/libpebble.a(tmpHP0PEBpebble.o)
 .text.action_bar_layer_remove_from_window
                0x0000000000000000        0xc /Users/clementgix/pebble-dev/PebbleSDK-2.0.0/Pebble/lib/libpebble.a(tmpHP0PEBpebble.o)
 .text.action_bar_layer_set_background_color
                0x0000000000000000        0xc /Users/clementgix/pebble-dev/PebbleSDK-2.0.0/Pebble/lib/libpebble.a(tmpHP0PEBpebble.o)
 .text.action_bar_layer_set_click_config_provider
                0x0000000000000000        0xc /Users/clementgix/pebble-dev/PebbleSDK-2.0.0/Pebble/lib/libpebble.a(tmpHP0PEBpebble.o)
 .text.action_bar_layer_set_context
                0x0000000000000000        0xc /Users/clementgix/pebble-dev/PebbleSDK-2.0.0/Pebble/lib/libpebble.a(tmpHP0PEBpebble.o)
 .text.action_bar_layer_set_icon
                0x0000000000000000        0xc /Users/clementgix/pebble-dev/PebbleSDK-2.0.0/Pebble/lib/libpebble.a(tmpHP0PEBpebble.o)
 .text.animation_create
                0x0000000000000000        0xc /Users/clementgix/pebble-dev/PebbleSDK-2.0.0/Pebble/lib/libpebble.a(tmpHP0PEBpebble.o)
 .text.animation_destroy
                0x0000000000000000        0xc /Users/clementgix/pebble-dev/PebbleSDK-2.0.0/Pebble/lib/libpebble.a(tmpHP0PEBpebble.o)
 .text.animation_get_context
                0x0000000000000000        0xc /Users/clementgix/pebble-dev/PebbleSDK-2.0.0/Pebble/lib/libpebble.a(tmpHP0PEBpebble.o)
 .text.animation_is_scheduled
                0x0000000000000000        0xc /Users/clementgix/pebble-dev/PebbleSDK-2.0.0/Pebble/lib/libpebble.a(tmpHP0PEBpebble.o)
 .text.animation_set_curve
                0x0000000000000000        0xc /Users/clementgix/pebble-dev/PebbleSDK-2.0.0/Pebble/lib/libpebble.a(tmpHP0PEBpebble.o)
 .text.animation_set_implementation
                0x0000000000000000        0xc /Users/clementgix/pebble-dev/PebbleSDK-2.0.0/Pebble/lib/libpebble.a(tmpHP0PEBpebble.o)
 .text.animation_unschedule
                0x0000000000000000        0xc /Users/clementgix/pebble-dev/PebbleSDK-2.0.0/Pebble/lib/libpebble.a(tmpHP0PEBpebble.o)
 .text.animation_unschedule_all
                0x0000000000000000        0xc /Users/clementgix/pebble-dev/PebbleSDK-2.0.0/Pebble/lib/libpebble.a(tmpHP0PEBpebble.o)
 .text.app_comm_get_sniff_interval
                0x0000000000000000        0xc /Users/clementgix/pebble-dev/PebbleSDK-2.0.0/Pebble/lib/libpebble.a(tmpHP0PEBpebble.o)
 .text.app_comm_set_sniff_interval
                0x0000000000000000        0xc /Users/clementgix/pebble-dev/PebbleSDK-2.0.0/Pebble/lib/libpebble.a(tmpHP0PEBpebble.o)
 .text.app_log  0x0000000000000000        0xc /Users/clementgix/pebble-dev/PebbleSDK-2.0.0/Pebble/lib/libpebble.a(tmpHP0PEBpebble.o)
 .text.app_message_deregister_callbacks
                0x0000000000000000        0xc /Users/clementgix/pebble-dev/PebbleSDK-2.0.0/Pebble/lib/libpebble.a(tmpHP0PEBpebble.o)
 .text.app_sync_deinit
                0x0000000000000000        0xc /Users/clementgix/pebble-dev/PebbleSDK-2.0.0/Pebble/lib/libpebble.a(tmpHP0PEBpebble.o)
 .text.app_sync_get
                0x0000000000000000        0xc /Users/clementgix/pebble-dev/PebbleSDK-2.0.0/Pebble/lib/libpebble.a(tmpHP0PEBpebble.o)
 .text.app_sync_init
                0x0000000000000000        0xc /Users/clementgix/pebble-dev/PebbleSDK-2.0.0/Pebble/lib/libpebble.a(tmpHP0PEBpebble.o)
 .text.app_sync_set
                0x0000000000000000        0xc /Users/clementgix/pebble-dev/PebbleSDK-2.0.0/Pebble/lib/libpebble.a(tmpHP0PEBpebble.o)
 .text.app_timer_cancel
                0x0000000000000000        0xc /Users/clementgix/pebble-dev/PebbleSDK-2.0.0/Pebble/lib/libpebble.a(tmpHP0PEBpebble.o)
 .text.app_timer_register
                0x0000000000000000        0xc /Users/clementgix/pebble-dev/PebbleSDK-2.0.0/Pebble/lib/libpebble.a(tmpHP0PEBpebble.o)
 .text.app_timer_reschedule
                0x0000000000000000        0xc /Users/clementgix/pebble-dev/PebbleSDK-2.0.0/Pebble/lib/libpebble.a(tmpHP0PEBpebble.o)
 .text.atan2_lookup
                0x0000000000000000        0xc /Users/clementgix/pebble-dev/PebbleSDK-2.0.0/Pebble/lib/libpebble.a(tmpHP0PEBpebble.o)
 .text.atoi     0x0000000000000000        0xc /Users/clementgix/pebble-dev/PebbleSDK-2.0.0/Pebble/lib/libpebble.a(tmpHP0PEBpebble.o)
 .text.atol     0x0000000000000000        0xc /Users/clementgix/pebble-dev/PebbleSDK-2.0.0/Pebble/lib/libpebble.a(tmpHP0PEBpebble.o)
 .text.bitmap_layer_create
                0x0000000000000000        0xc /Users/clementgix/pebble-dev/PebbleSDK-2.0.0/Pebble/lib/libpebble.a(tmpHP0PEBpebble.o)
 .text.bitmap_layer_destroy
                0x0000000000000000        0xc /Users/clementgix/pebble-dev/PebbleSDK-2.0.0/Pebble/lib/libpebble.a(tmpHP0PEBpebble.o)
 .text.bitmap_layer_get_layer
                0x0000000000000000        0xc /Users/clementgix/pebble-dev/PebbleSDK-2.0.0/Pebble/lib/libpebble.a(tmpHP0PEBpebble.o)
 .text.bitmap_layer_set_alignment
                0x0000000000000000        0xc /Users/clementgix/pebble-dev/PebbleSDK-2.0.0/Pebble/lib/libpebble.a(tmpHP0PEBpebble.o)
 .text.bitmap_layer_set_background_color
                0x0000000000000000        0xc /Users/clementgix/pebble-dev/PebbleSDK-2.0.0/Pebble/lib/libpebble.a(tmpHP0PEBpebble.o)
 .text.bitmap_layer_set_bitmap
                0x0000000000000000        0xc /Users/clementgix/pebble-dev/PebbleSDK-2.0.0/Pebble/lib/libpebble.a(tmpHP0PEBpebble.o)
 .text.bitmap_layer_set_compositing_mode
                0x0000000000000000        0xc /Users/clementgix/pebble-dev/PebbleSDK-2.0.0/Pebble/lib/libpebble.a(tmpHP0PEBpebble.o)
 .text.bluetooth_connection_service_peek
                0x0000000000000000        0xc /Users/clementgix/pebble-dev/PebbleSDK-2.0.0/Pebble/lib/libpebble.a(tmpHP0PEBpebble.o)
 .text.bluetooth_connection_service_subscribe
                0x0000000000000000        0xc /Users/clementgix/pebble-dev/PebbleSDK-2.0.0/Pebble/lib/libpebble.a(tmpHP0PEBpebble.o)
 .text.bluetooth_connection_service_unsubscribe
                0x0000000000000000        0xc /Users/clementgix/pebble-dev/PebbleSDK-2.0.0/Pebble/lib/libpebble.a(tmpHP0PEBpebble.o)
 .text.click_number_of_clicks_counted
                0x0000000000000000        0xc /Users/clementgix/pebble-dev/PebbleSDK-2.0.0/Pebble/lib/libpebble.a(tmpHP0PEBpebble.o)
 .text.click_recognizer_get_button_id
                0x0000000000000000        0xc /Users/clementgix/pebble-dev/PebbleSDK-2.0.0/Pebble/lib/libpebble.a(tmpHP0PEBpebble.o)
 .text.clock_copy_time_string
                0x0000000000000000        0xc /Users/clementgix/pebble-dev/PebbleSDK-2.0.0/Pebble/lib/libpebble.a(tmpHP0PEBpebble.o)
 .text.cos_lookup
                0x0000000000000000        0xc /Users/clementgix/pebble-dev/PebbleSDK-2.0.0/Pebble/lib/libpebble.a(tmpHP0PEBpebble.o)
 .text.data_logging_create
                0x0000000000000000        0xc /Users/clementgix/pebble-dev/PebbleSDK-2.0.0/Pebble/lib/libpebble.a(tmpHP0PEBpebble.o)
 .text.data_logging_finish
                0x0000000000000000        0xc /Users/clementgix/pebble-dev/PebbleSDK-2.0.0/Pebble/lib/libpebble.a(tmpHP0PEBpebble.o)
 .text.data_logging_log
                0x0000000000000000        0xc /Users/clementgix/pebble-dev/PebbleSDK-2.0.0/Pebble/lib/libpebble.a(tmpHP0PEBpebble.o)
 .text.dict_calc_buffer_size
                0x0000000000000000        0xc /Users/clementgix/pebble-dev/PebbleSDK-2.0.0/Pebble/lib/libpebble.a(tmpHP0PEBpebble.o)
 .text.dict_calc_buffer_size_from_tuplets
                0x0000000000000000        0xc /Users/clementgix/pebble-dev/PebbleSDK-2.0.0/Pebble/lib/libpebble.a(tmpHP0PEBpebble.o)
 .text.dict_find
                0x0000000000000000        0xc /Users/clementgix/pebble-dev/PebbleSDK-2.0.0/Pebble/lib/libpebble.a(tmpHP0PEBpebble.o)
 .text.dict_merge
                0x0000000000000000        0xc /Users/clementgix/pebble-dev/PebbleSDK-2.0.0/Pebble/lib/libpebble.a(tmpHP0PEBpebble.o)
 .text.dict_read_begin_from_buffer
                0x0000000000000000        0xc /Users/clementgix/pebble-dev/PebbleSDK-2.0.0/Pebble/lib/libpebble.a(tmpHP0PEBpebble.o)
 .text.dict_serialize_tuplets
                0x0000000000000000        0xc /Users/clementgix/pebble-dev/PebbleSDK-2.0.0/Pebble/lib/libpebble.a(tmpHP0PEBpebble.o)
 .text.dict_serialize_tuplets_to_buffer__deprecated
                0x0000000000000000        0xc /Users/clementgix/pebble-dev/PebbleSDK-2.0.0/Pebble/lib/libpebble.a(tmpHP0PEBpebble.o)
 .text.dict_serialize_tuplets_to_buffer_with_iter
                0x0000000000000000        0xc /Users/clementgix/pebble-dev/PebbleSDK-2.0.0/Pebble/lib/libpebble.a(tmpHP0PEBpebble.o)
 .text.dict_write_begin
                0x0000000000000000        0xc /Users/clementgix/pebble-dev/PebbleSDK-2.0.0/Pebble/lib/libpebble.a(tmpHP0PEBpebble.o)
 .text.dict_write_cstring
                0x0000000000000000        0xc /Users/clementgix/pebble-dev/PebbleSDK-2.0.0/Pebble/lib/libpebble.a(tmpHP0PEBpebble.o)
 .text.dict_write_data
                0x0000000000000000        0xc /Users/clementgix/pebble-dev/PebbleSDK-2.0.0/Pebble/lib/libpebble.a(tmpHP0PEBpebble.o)
 .text.dict_write_end
                0x0000000000000000        0xc /Users/clementgix/pebble-dev/PebbleSDK-2.0.0/Pebble/lib/libpebble.a(tmpHP0PEBpebble.o)
 .text.dict_write_int
                0x0000000000000000        0xc /Users/clementgix/pebble-dev/PebbleSDK-2.0.0/Pebble/lib/libpebble.a(tmpHP0PEBpebble.o)
 .text.dict_write_int16
                0x0000000000000000        0xc /Users/clementgix/pebble-dev/PebbleSDK-2.0.0/Pebble/lib/libpebble.a(tmpHP0PEBpebble.o)
 .text.dict_write_int32
                0x0000000000000000        0xc /Users/clementgix/pebble-dev/PebbleSDK-2.0.0/Pebble/lib/libpebble.a(tmpHP0PEBpebble.o)
 .text.dict_write_int8
                0x0000000000000000        0xc /Users/clementgix/pebble-dev/PebbleSDK-2.0.0/Pebble/lib/libpebble.a(tmpHP0PEBpebble.o)
 .text.dict_write_tuplet
                0x0000000000000000        0xc /Users/clementgix/pebble-dev/PebbleSDK-2.0.0/Pebble/lib/libpebble.a(tmpHP0PEBpebble.o)
 .text.dict_write_uint16
                0x0000000000000000        0xc /Users/clementgix/pebble-dev/PebbleSDK-2.0.0/Pebble/lib/libpebble.a(tmpHP0PEBpebble.o)
 .text.dict_write_uint32
                0x0000000000000000        0xc /Users/clementgix/pebble-dev/PebbleSDK-2.0.0/Pebble/lib/libpebble.a(tmpHP0PEBpebble.o)
 .text.dict_write_uint8
                0x0000000000000000        0xc /Users/clementgix/pebble-dev/PebbleSDK-2.0.0/Pebble/lib/libpebble.a(tmpHP0PEBpebble.o)
 .text.fonts_get_system_font
                0x0000000000000000        0xc /Users/clementgix/pebble-dev/PebbleSDK-2.0.0/Pebble/lib/libpebble.a(tmpHP0PEBpebble.o)
 .text.fonts_load_custom_font
                0x0000000000000000        0xc /Users/clementgix/pebble-dev/PebbleSDK-2.0.0/Pebble/lib/libpebble.a(tmpHP0PEBpebble.o)
 .text.fonts_unload_custom_font
                0x0000000000000000        0xc /Users/clementgix/pebble-dev/PebbleSDK-2.0.0/Pebble/lib/libpebble.a(tmpHP0PEBpebble.o)
 .text.free     0x0000000000000000        0xc /Users/clementgix/pebble-dev/PebbleSDK-2.0.0/Pebble/lib/libpebble.a(tmpHP0PEBpebble.o)
 .text.gbitmap_create_as_sub_bitmap
                0x0000000000000000        0xc /Users/clementgix/pebble-dev/PebbleSDK-2.0.0/Pebble/lib/libpebble.a(tmpHP0PEBpebble.o)
 .text.gbitmap_create_with_data
                0x0000000000000000        0xc /Users/clementgix/pebble-dev/PebbleSDK-2.0.0/Pebble/lib/libpebble.a(tmpHP0PEBpebble.o)
 .text.gmtime   0x0000000000000000        0xc /Users/clementgix/pebble-dev/PebbleSDK-2.0.0/Pebble/lib/libpebble.a(tmpHP0PEBpebble.o)
 .text.gpath_create
                0x0000000000000000        0xc /Users/clementgix/pebble-dev/PebbleSDK-2.0.0/Pebble/lib/libpebble.a(tmpHP0PEBpebble.o)
 .text.gpath_destroy
                0x0000000000000000        0xc /Users/clementgix/pebble-dev/PebbleSDK-2.0.0/Pebble/lib/libpebble.a(tmpHP0PEBpebble.o)
 .text.gpath_draw_filled
                0x0000000000000000        0xc /Users/clementgix/pebble-dev/PebbleSDK-2.0.0/Pebble/lib/libpebble.a(tmpHP0PEBpebble.o)
 .text.gpath_draw_outline
                0x0000000000000000        0xc /Users/clementgix/pebble-dev/PebbleSDK-2.0.0/Pebble/lib/libpebble.a(tmpHP0PEBpebble.o)
 .text.gpath_move_to
                0x0000000000000000        0xc /Users/clementgix/pebble-dev/PebbleSDK-2.0.0/Pebble/lib/libpebble.a(tmpHP0PEBpebble.o)
 .text.gpath_rotate_to
                0x0000000000000000        0xc /Users/clementgix/pebble-dev/PebbleSDK-2.0.0/Pebble/lib/libpebble.a(tmpHP0PEBpebble.o)
 .text.gpoint_equal
                0x0000000000000000        0xc /Users/clementgix/pebble-dev/PebbleSDK-2.0.0/Pebble/lib/libpebble.a(tmpHP0PEBpebble.o)
 .text.graphics_context_set_compositing_mode
                0x0000000000000000        0xc /Users/clementgix/pebble-dev/PebbleSDK-2.0.0/Pebble/lib/libpebble.a(tmpHP0PEBpebble.o)
 .text.graphics_context_set_text_color
                0x0000000000000000        0xc /Users/clementgix/pebble-dev/PebbleSDK-2.0.0/Pebble/lib/libpebble.a(tmpHP0PEBpebble.o)
 .text.graphics_draw_circle
                0x0000000000000000        0xc /Users/clementgix/pebble-dev/PebbleSDK-2.0.0/Pebble/lib/libpebble.a(tmpHP0PEBpebble.o)
 .text.graphics_draw_line
                0x0000000000000000        0xc /Users/clementgix/pebble-dev/PebbleSDK-2.0.0/Pebble/lib/libpebble.a(tmpHP0PEBpebble.o)
 .text.graphics_draw_pixel
                0x0000000000000000        0xc /Users/clementgix/pebble-dev/PebbleSDK-2.0.0/Pebble/lib/libpebble.a(tmpHP0PEBpebble.o)
 .text.graphics_draw_round_rect
                0x0000000000000000        0xc /Users/clementgix/pebble-dev/PebbleSDK-2.0.0/Pebble/lib/libpebble.a(tmpHP0PEBpebble.o)
 .text.graphics_fill_circle
                0x0000000000000000        0xc /Users/clementgix/pebble-dev/PebbleSDK-2.0.0/Pebble/lib/libpebble.a(tmpHP0PEBpebble.o)
 .text.graphics_text_layout_get_max_used_size
                0x0000000000000000        0xc /Users/clementgix/pebble-dev/PebbleSDK-2.0.0/Pebble/lib/libpebble.a(tmpHP0PEBpebble.o)
 .text.grect_align
                0x0000000000000000        0xc /Users/clementgix/pebble-dev/PebbleSDK-2.0.0/Pebble/lib/libpebble.a(tmpHP0PEBpebble.o)
 .text.grect_center_point
                0x0000000000000000        0xc /Users/clementgix/pebble-dev/PebbleSDK-2.0.0/Pebble/lib/libpebble.a(tmpHP0PEBpebble.o)
 .text.grect_clip
                0x0000000000000000        0xc /Users/clementgix/pebble-dev/PebbleSDK-2.0.0/Pebble/lib/libpebble.a(tmpHP0PEBpebble.o)
 .text.grect_contains_point
                0x0000000000000000        0xc /Users/clementgix/pebble-dev/PebbleSDK-2.0.0/Pebble/lib/libpebble.a(tmpHP0PEBpebble.o)
 .text.grect_crop
                0x0000000000000000        0xc /Users/clementgix/pebble-dev/PebbleSDK-2.0.0/Pebble/lib/libpebble.a(tmpHP0PEBpebble.o)
 .text.grect_equal
                0x0000000000000000        0xc /Users/clementgix/pebble-dev/PebbleSDK-2.0.0/Pebble/lib/libpebble.a(tmpHP0PEBpebble.o)
 .text.grect_is_empty
                0x0000000000000000        0xc /Users/clementgix/pebble-dev/PebbleSDK-2.0.0/Pebble/lib/libpebble.a(tmpHP0PEBpebble.o)
 .text.grect_standardize
                0x0000000000000000        0xc /Users/clementgix/pebble-dev/PebbleSDK-2.0.0/Pebble/lib/libpebble.a(tmpHP0PEBpebble.o)
 .text.gsize_equal
                0x0000000000000000        0xc /Users/clementgix/pebble-dev/PebbleSDK-2.0.0/Pebble/lib/libpebble.a(tmpHP0PEBpebble.o)
 .text.layer_create_with_data
                0x0000000000000000        0xc /Users/clementgix/pebble-dev/PebbleSDK-2.0.0/Pebble/lib/libpebble.a(tmpHP0PEBpebble.o)
 .text.layer_get_bounds
                0x0000000000000000        0xc /Users/clementgix/pebble-dev/PebbleSDK-2.0.0/Pebble/lib/libpebble.a(tmpHP0PEBpebble.o)
 .text.layer_get_clips
                0x0000000000000000        0xc /Users/clementgix/pebble-dev/PebbleSDK-2.0.0/Pebble/lib/libpebble.a(tmpHP0PEBpebble.o)
 .text.layer_get_data
                0x0000000000000000        0xc /Users/clementgix/pebble-dev/PebbleSDK-2.0.0/Pebble/lib/libpebble.a(tmpHP0PEBpebble.o)
 .text.layer_get_hidden
                0x0000000000000000        0xc /Users/clementgix/pebble-dev/PebbleSDK-2.0.0/Pebble/lib/libpebble.a(tmpHP0PEBpebble.o)
 .text.layer_get_window
                0x0000000000000000        0xc /Users/clementgix/pebble-dev/PebbleSDK-2.0.0/Pebble/lib/libpebble.a(tmpHP0PEBpebble.o)
 .text.layer_insert_above_sibling
                0x0000000000000000        0xc /Users/clementgix/pebble-dev/PebbleSDK-2.0.0/Pebble/lib/libpebble.a(tmpHP0PEBpebble.o)
 .text.layer_insert_below_sibling
                0x0000000000000000        0xc /Users/clementgix/pebble-dev/PebbleSDK-2.0.0/Pebble/lib/libpebble.a(tmpHP0PEBpebble.o)
 .text.layer_remove_from_parent
                0x0000000000000000        0xc /Users/clementgix/pebble-dev/PebbleSDK-2.0.0/Pebble/lib/libpebble.a(tmpHP0PEBpebble.o)
 .text.layer_set_bounds
                0x0000000000000000        0xc /Users/clementgix/pebble-dev/PebbleSDK-2.0.0/Pebble/lib/libpebble.a(tmpHP0PEBpebble.o)
 .text.layer_set_clips
                0x0000000000000000        0xc /Users/clementgix/pebble-dev/PebbleSDK-2.0.0/Pebble/lib/libpebble.a(tmpHP0PEBpebble.o)
 .text.layer_set_frame
                0x0000000000000000        0xc /Users/clementgix/pebble-dev/PebbleSDK-2.0.0/Pebble/lib/libpebble.a(tmpHP0PEBpebble.o)
 .text.layer_set_hidden
                0x0000000000000000        0xc /Users/clementgix/pebble-dev/PebbleSDK-2.0.0/Pebble/lib/libpebble.a(tmpHP0PEBpebble.o)
 .text.light_enable
                0x0000000000000000        0xc /Users/clementgix/pebble-dev/PebbleSDK-2.0.0/Pebble/lib/libpebble.a(tmpHP0PEBpebble.o)
 .text.light_enable_interaction
                0x0000000000000000        0xc /Users/clementgix/pebble-dev/PebbleSDK-2.0.0/Pebble/lib/libpebble.a(tmpHP0PEBpebble.o)
 .text.malloc   0x0000000000000000        0xc /Users/clementgix/pebble-dev/PebbleSDK-2.0.0/Pebble/lib/libpebble.a(tmpHP0PEBpebble.o)
 .text.memcpy   0x0000000000000000        0xc /Users/clementgix/pebble-dev/PebbleSDK-2.0.0/Pebble/lib/libpebble.a(tmpHP0PEBpebble.o)
 .text.memmove  0x0000000000000000        0xc /Users/clementgix/pebble-dev/PebbleSDK-2.0.0/Pebble/lib/libpebble.a(tmpHP0PEBpebble.o)
 .text.memset   0x0000000000000000        0xc /Users/clementgix/pebble-dev/PebbleSDK-2.0.0/Pebble/lib/libpebble.a(tmpHP0PEBpebble.o)
 .text.menu_cell_basic_draw
                0x0000000000000000        0xc /Users/clementgix/pebble-dev/PebbleSDK-2.0.0/Pebble/lib/libpebble.a(tmpHP0PEBpebble.o)
 .text.menu_cell_basic_header_draw
                0x0000000000000000        0xc /Users/clementgix/pebble-dev/PebbleSDK-2.0.0/Pebble/lib/libpebble.a(tmpHP0PEBpebble.o)
 .text.menu_cell_title_draw
                0x0000000000000000        0xc /Users/clementgix/pebble-dev/PebbleSDK-2.0.0/Pebble/lib/libpebble.a(tmpHP0PEBpebble.o)
 .text.menu_index_compare
                0x0000000000000000        0xc /Users/clementgix/pebble-dev/PebbleSDK-2.0.0/Pebble/lib/libpebble.a(tmpHP0PEBpebble.o)
 .text.menu_layer_create
                0x0000000000000000        0xc /Users/clementgix/pebble-dev/PebbleSDK-2.0.0/Pebble/lib/libpebble.a(tmpHP0PEBpebble.o)
 .text.menu_layer_destroy
                0x0000000000000000        0xc /Users/clementgix/pebble-dev/PebbleSDK-2.0.0/Pebble/lib/libpebble.a(tmpHP0PEBpebble.o)
 .text.menu_layer_get_layer
                0x0000000000000000        0xc /Users/clementgix/pebble-dev/PebbleSDK-2.0.0/Pebble/lib/libpebble.a(tmpHP0PEBpebble.o)
 .text.menu_layer_get_scroll_layer
                0x0000000000000000        0xc /Users/clementgix/pebble-dev/PebbleSDK-2.0.0/Pebble/lib/libpebble.a(tmpHP0PEBpebble.o)
 .text.menu_layer_get_selected_index
                0x0000000000000000        0xc /Users/clementgix/pebble-dev/PebbleSDK-2.0.0/Pebble/lib/libpebble.a(tmpHP0PEBpebble.o)
 .text.menu_layer_reload_data
                0x0000000000000000        0xc /Users/clementgix/pebble-dev/PebbleSDK-2.0.0/Pebble/lib/libpebble.a(tmpHP0PEBpebble.o)
 .text.menu_layer_set_callbacks
                0x0000000000000000        0xc /Users/clementgix/pebble-dev/PebbleSDK-2.0.0/Pebble/lib/libpebble.a(tmpHP0PEBpebble.o)
 .text.menu_layer_set_click_config_onto_window
                0x0000000000000000        0xc /Users/clementgix/pebble-dev/PebbleSDK-2.0.0/Pebble/lib/libpebble.a(tmpHP0PEBpebble.o)
 .text.menu_layer_set_selected_index
                0x0000000000000000        0xc /Users/clementgix/pebble-dev/PebbleSDK-2.0.0/Pebble/lib/libpebble.a(tmpHP0PEBpebble.o)
 .text.menu_layer_set_selected_next
                0x0000000000000000        0xc /Users/clementgix/pebble-dev/PebbleSDK-2.0.0/Pebble/lib/libpebble.a(tmpHP0PEBpebble.o)
 .text.number_window_create
                0x0000000000000000        0xc /Users/clementgix/pebble-dev/PebbleSDK-2.0.0/Pebble/lib/libpebble.a(tmpHP0PEBpebble.o)
 .text.number_window_destroy
                0x0000000000000000        0xc /Users/clementgix/pebble-dev/PebbleSDK-2.0.0/Pebble/lib/libpebble.a(tmpHP0PEBpebble.o)
 .text.number_window_get_value
                0x0000000000000000        0xc /Users/clementgix/pebble-dev/PebbleSDK-2.0.0/Pebble/lib/libpebble.a(tmpHP0PEBpebble.o)
 .text.number_window_set_label
                0x0000000000000000        0xc /Users/clementgix/pebble-dev/PebbleSDK-2.0.0/Pebble/lib/libpebble.a(tmpHP0PEBpebble.o)
 .text.number_window_set_max
                0x0000000000000000        0xc /Users/clementgix/pebble-dev/PebbleSDK-2.0.0/Pebble/lib/libpebble.a(tmpHP0PEBpebble.o)
 .text.number_window_set_min
                0x0000000000000000        0xc /Users/clementgix/pebble-dev/PebbleSDK-2.0.0/Pebble/lib/libpebble.a(tmpHP0PEBpebble.o)
 .text.number_window_set_step_size
                0x0000000000000000        0xc /Users/clementgix/pebble-dev/PebbleSDK-2.0.0/Pebble/lib/libpebble.a(tmpHP0PEBpebble.o)
 .text.number_window_set_value
                0x0000000000000000        0xc /Users/clementgix/pebble-dev/PebbleSDK-2.0.0/Pebble/lib/libpebble.a(tmpHP0PEBpebble.o)
 .text.persist_delete
                0x0000000000000000        0xc /Users/clementgix/pebble-dev/PebbleSDK-2.0.0/Pebble/lib/libpebble.a(tmpHP0PEBpebble.o)
 .text.persist_exists
                0x0000000000000000        0xc /Users/clementgix/pebble-dev/PebbleSDK-2.0.0/Pebble/lib/libpebble.a(tmpHP0PEBpebble.o)
 .text.persist_get_size
                0x0000000000000000        0xc /Users/clementgix/pebble-dev/PebbleSDK-2.0.0/Pebble/lib/libpebble.a(tmpHP0PEBpebble.o)
 .text.persist_read_data__deprecated
                0x0000000000000000        0xc /Users/clementgix/pebble-dev/PebbleSDK-2.0.0/Pebble/lib/libpebble.a(tmpHP0PEBpebble.o)
 .text.persist_read_string__deprecated
                0x0000000000000000        0xc /Users/clementgix/pebble-dev/PebbleSDK-2.0.0/Pebble/lib/libpebble.a(tmpHP0PEBpebble.o)
 .text.persist_write_data__deprecated
                0x0000000000000000        0xc /Users/clementgix/pebble-dev/PebbleSDK-2.0.0/Pebble/lib/libpebble.a(tmpHP0PEBpebble.o)
 .text.persist_write_string
                0x0000000000000000        0xc /Users/clementgix/pebble-dev/PebbleSDK-2.0.0/Pebble/lib/libpebble.a(tmpHP0PEBpebble.o)
 .text.property_animation_create
                0x0000000000000000        0xc /Users/clementgix/pebble-dev/PebbleSDK-2.0.0/Pebble/lib/libpebble.a(tmpHP0PEBpebble.o)
 .text.property_animation_update_gpoint
                0x0000000000000000        0xc /Users/clementgix/pebble-dev/PebbleSDK-2.0.0/Pebble/lib/libpebble.a(tmpHP0PEBpebble.o)
 .text.property_animation_update_grect
                0x0000000000000000        0xc /Users/clementgix/pebble-dev/PebbleSDK-2.0.0/Pebble/lib/libpebble.a(tmpHP0PEBpebble.o)
 .text.property_animation_update_int16
                0x0000000000000000        0xc /Users/clementgix/pebble-dev/PebbleSDK-2.0.0/Pebble/lib/libpebble.a(tmpHP0PEBpebble.o)
 .text.psleep   0x0000000000000000        0xc /Users/clementgix/pebble-dev/PebbleSDK-2.0.0/Pebble/lib/libpebble.a(tmpHP0PEBpebble.o)
 .text.rand     0x0000000000000000        0xc /Users/clementgix/pebble-dev/PebbleSDK-2.0.0/Pebble/lib/libpebble.a(tmpHP0PEBpebble.o)
 .text.resource_get_handle
                0x0000000000000000        0xc /Users/clementgix/pebble-dev/PebbleSDK-2.0.0/Pebble/lib/libpebble.a(tmpHP0PEBpebble.o)
 .text.resource_load
                0x0000000000000000        0xc /Users/clementgix/pebble-dev/PebbleSDK-2.0.0/Pebble/lib/libpebble.a(tmpHP0PEBpebble.o)
 .text.resource_load_byte_range
                0x0000000000000000        0xc /Users/clementgix/pebble-dev/PebbleSDK-2.0.0/Pebble/lib/libpebble.a(tmpHP0PEBpebble.o)
 .text.resource_size
                0x0000000000000000        0xc /Users/clementgix/pebble-dev/PebbleSDK-2.0.0/Pebble/lib/libpebble.a(tmpHP0PEBpebble.o)
 .text.rot_bitmap_layer_create
                0x0000000000000000        0xc /Users/clementgix/pebble-dev/PebbleSDK-2.0.0/Pebble/lib/libpebble.a(tmpHP0PEBpebble.o)
 .text.rot_bitmap_layer_destroy
                0x0000000000000000        0xc /Users/clementgix/pebble-dev/PebbleSDK-2.0.0/Pebble/lib/libpebble.a(tmpHP0PEBpebble.o)
 .text.rot_bitmap_layer_increment_angle
                0x0000000000000000        0xc /Users/clementgix/pebble-dev/PebbleSDK-2.0.0/Pebble/lib/libpebble.a(tmpHP0PEBpebble.o)
 .text.rot_bitmap_layer_set_angle
                0x0000000000000000        0xc /Users/clementgix/pebble-dev/PebbleSDK-2.0.0/Pebble/lib/libpebble.a(tmpHP0PEBpebble.o)
 .text.rot_bitmap_layer_set_corner_clip_color
                0x0000000000000000        0xc /Users/clementgix/pebble-dev/PebbleSDK-2.0.0/Pebble/lib/libpebble.a(tmpHP0PEBpebble.o)
 .text.rot_bitmap_set_compositing_mode
                0x0000000000000000        0xc /Users/clementgix/pebble-dev/PebbleSDK-2.0.0/Pebble/lib/libpebble.a(tmpHP0PEBpebble.o)
 .text.rot_bitmap_set_src_ic
                0x0000000000000000        0xc /Users/clementgix/pebble-dev/PebbleSDK-2.0.0/Pebble/lib/libpebble.a(tmpHP0PEBpebble.o)
 .text.scroll_layer_add_child
                0x0000000000000000        0xc /Users/clementgix/pebble-dev/PebbleSDK-2.0.0/Pebble/lib/libpebble.a(tmpHP0PEBpebble.o)
 .text.scroll_layer_create
                0x0000000000000000        0xc /Users/clementgix/pebble-dev/PebbleSDK-2.0.0/Pebble/lib/libpebble.a(tmpHP0PEBpebble.o)
 .text.scroll_layer_destroy
                0x0000000000000000        0xc /Users/clementgix/pebble-dev/PebbleSDK-2.0.0/Pebble/lib/libpebble.a(tmpHP0PEBpebble.o)
 .text.scroll_layer_get_content_offset
                0x0000000000000000        0xc /Users/clementgix/pebble-dev/PebbleSDK-2.0.0/Pebble/lib/libpebble.a(tmpHP0PEBpebble.o)
 .text.scroll_layer_get_content_size
                0x0000000000000000        0xc /Users/clementgix/pebble-dev/PebbleSDK-2.0.0/Pebble/lib/libpebble.a(tmpHP0PEBpebble.o)
 .text.scroll_layer_get_layer
                0x0000000000000000        0xc /Users/clementgix/pebble-dev/PebbleSDK-2.0.0/Pebble/lib/libpebble.a(tmpHP0PEBpebble.o)
 .text.scroll_layer_get_shadow_hidden
                0x0000000000000000        0xc /Users/clementgix/pebble-dev/PebbleSDK-2.0.0/Pebble/lib/libpebble.a(tmpHP0PEBpebble.o)
 .text.scroll_layer_scroll_down_click_handler
                0x0000000000000000        0xc /Users/clementgix/pebble-dev/PebbleSDK-2.0.0/Pebble/lib/libpebble.a(tmpHP0PEBpebble.o)
 .text.scroll_layer_scroll_up_click_handler
                0x0000000000000000        0xc /Users/clementgix/pebble-dev/PebbleSDK-2.0.0/Pebble/lib/libpebble.a(tmpHP0PEBpebble.o)
 .text.scroll_layer_set_callbacks
                0x0000000000000000        0xc /Users/clementgix/pebble-dev/PebbleSDK-2.0.0/Pebble/lib/libpebble.a(tmpHP0PEBpebble.o)
 .text.scroll_layer_set_click_config_onto_window
                0x0000000000000000        0xc /Users/clementgix/pebble-dev/PebbleSDK-2.0.0/Pebble/lib/libpebble.a(tmpHP0PEBpebble.o)
 .text.scroll_layer_set_content_offset
                0x0000000000000000        0xc /Users/clementgix/pebble-dev/PebbleSDK-2.0.0/Pebble/lib/libpebble.a(tmpHP0PEBpebble.o)
 .text.scroll_layer_set_content_size
                0x0000000000000000        0xc /Users/clementgix/pebble-dev/PebbleSDK-2.0.0/Pebble/lib/libpebble.a(tmpHP0PEBpebble.o)
 .text.scroll_layer_set_context
                0x0000000000000000        0xc /Users/clementgix/pebble-dev/PebbleSDK-2.0.0/Pebble/lib/libpebble.a(tmpHP0PEBpebble.o)
 .text.scroll_layer_set_frame
                0x0000000000000000        0xc /Users/clementgix/pebble-dev/PebbleSDK-2.0.0/Pebble/lib/libpebble.a(tmpHP0PEBpebble.o)
 .text.scroll_layer_set_shadow_hidden
                0x0000000000000000        0xc /Users/clementgix/pebble-dev/PebbleSDK-2.0.0/Pebble/lib/libpebble.a(tmpHP0PEBpebble.o)
 .text.simple_menu_layer_create
                0x0000000000000000        0xc /Users/clementgix/pebble-dev/PebbleSDK-2.0.0/Pebble/lib/libpebble.a(tmpHP0PEBpebble.o)
 .text.simple_menu_layer_destroy
                0x0000000000000000        0xc /Users/clementgix/pebble-dev/PebbleSDK-2.0.0/Pebble/lib/libpebble.a(tmpHP0PEBpebble.o)
 .text.simple_menu_layer_get_layer
                0x0000000000000000        0xc /Users/clementgix/pebble-dev/PebbleSDK-2.0.0/Pebble/lib/libpebble.a(tmpHP0PEBpebble.o)
 .text.simple_menu_layer_get_selected_index
                0x0000000000000000        0xc /Users/clementgix/pebble-dev/PebbleSDK-2.0.0/Pebble/lib/libpebble.a(tmpHP0PEBpebble.o)
 .text.simple_menu_layer_set_selected_index
                0x0000000000000000        0xc /Users/clementgix/pebble-dev/PebbleSDK-2.0.0/Pebble/lib/libpebble.a(tmpHP0PEBpebble.o)
 .text.sin_lookup
                0x0000000000000000        0xc /Users/clementgix/pebble-dev/PebbleSDK-2.0.0/Pebble/lib/libpebble.a(tmpHP0PEBpebble.o)
 .text.snprintf
                0x0000000000000000        0xc /Users/clementgix/pebble-dev/PebbleSDK-2.0.0/Pebble/lib/libpebble.a(tmpHP0PEBpebble.o)
 .text.strcat   0x0000000000000000        0xc /Users/clementgix/pebble-dev/PebbleSDK-2.0.0/Pebble/lib/libpebble.a(tmpHP0PEBpebble.o)
 .text.strcpy   0x0000000000000000        0xc /Users/clementgix/pebble-dev/PebbleSDK-2.0.0/Pebble/lib/libpebble.a(tmpHP0PEBpebble.o)
 .text.strftime
                0x0000000000000000        0xc /Users/clementgix/pebble-dev/PebbleSDK-2.0.0/Pebble/lib/libpebble.a(tmpHP0PEBpebble.o)
 .text.strlen   0x0000000000000000        0xc /Users/clementgix/pebble-dev/PebbleSDK-2.0.0/Pebble/lib/libpebble.a(tmpHP0PEBpebble.o)
 .text.strncat  0x0000000000000000        0xc /Users/clementgix/pebble-dev/PebbleSDK-2.0.0/Pebble/lib/libpebble.a(tmpHP0PEBpebble.o)
 .text.strncmp  0x0000000000000000        0xc /Users/clementgix/pebble-dev/PebbleSDK-2.0.0/Pebble/lib/libpebble.a(tmpHP0PEBpebble.o)
 .text.strncpy  0x0000000000000000        0xc /Users/clementgix/pebble-dev/PebbleSDK-2.0.0/Pebble/lib/libpebble.a(tmpHP0PEBpebble.o)
 .text.text_layer_get_content_size
                0x0000000000000000        0xc /Users/clementgix/pebble-dev/PebbleSDK-2.0.0/Pebble/lib/libpebble.a(tmpHP0PEBpebble.o)
 .text.text_layer_get_text
                0x0000000000000000        0xc /Users/clementgix/pebble-dev/PebbleSDK-2.0.0/Pebble/lib/libpebble.a(tmpHP0PEBpebble.o)
 .text.text_layer_set_background_color
                0x0000000000000000        0xc /Users/clementgix/pebble-dev/PebbleSDK-2.0.0/Pebble/lib/libpebble.a(tmpHP0PEBpebble.o)
 .text.text_layer_set_font
                0x0000000000000000        0xc /Users/clementgix/pebble-dev/PebbleSDK-2.0.0/Pebble/lib/libpebble.a(tmpHP0PEBpebble.o)
 .text.text_layer_set_overflow_mode
                0x0000000000000000        0xc /Users/clementgix/pebble-dev/PebbleSDK-2.0.0/Pebble/lib/libpebble.a(tmpHP0PEBpebble.o)
 .text.text_layer_set_size
                0x0000000000000000        0xc /Users/clementgix/pebble-dev/PebbleSDK-2.0.0/Pebble/lib/libpebble.a(tmpHP0PEBpebble.o)
 .text.text_layer_set_text
                0x0000000000000000        0xc /Users/clementgix/pebble-dev/PebbleSDK-2.0.0/Pebble/lib/libpebble.a(tmpHP0PEBpebble.o)
 .text.text_layer_set_text_alignment
                0x0000000000000000        0xc /Users/clementgix/pebble-dev/PebbleSDK-2.0.0/Pebble/lib/libpebble.a(tmpHP0PEBpebble.o)
 .text.text_layer_set_text_color
                0x0000000000000000        0xc /Users/clementgix/pebble-dev/PebbleSDK-2.0.0/Pebble/lib/libpebble.a(tmpHP0PEBpebble.o)
 .text.time_ms  0x0000000000000000        0xc /Users/clementgix/pebble-dev/PebbleSDK-2.0.0/Pebble/lib/libpebble.a(tmpHP0PEBpebble.o)
 .text.vibes_cancel
                0x0000000000000000        0xc /Users/clementgix/pebble-dev/PebbleSDK-2.0.0/Pebble/lib/libpebble.a(tmpHP0PEBpebble.o)
 .text.vibes_double_pulse
                0x0000000000000000        0xc /Users/clementgix/pebble-dev/PebbleSDK-2.0.0/Pebble/lib/libpebble.a(tmpHP0PEBpebble.o)
 .text.vibes_enqueue_custom_pattern
                0x0000000000000000        0xc /Users/clementgix/pebble-dev/PebbleSDK-2.0.0/Pebble/lib/libpebble.a(tmpHP0PEBpebble.o)
 .text.vibes_long_pulse
                0x0000000000000000        0xc /Users/clementgix/pebble-dev/PebbleSDK-2.0.0/Pebble/lib/libpebble.a(tmpHP0PEBpebble.o)
 .text.vibes_short_pulse
                0x0000000000000000        0xc /Users/clementgix/pebble-dev/PebbleSDK-2.0.0/Pebble/lib/libpebble.a(tmpHP0PEBpebble.o)
 .text.window_get_click_config_provider
                0x0000000000000000        0xc /Users/clementgix/pebble-dev/PebbleSDK-2.0.0/Pebble/lib/libpebble.a(tmpHP0PEBpebble.o)
 .text.window_get_fullscreen
                0x0000000000000000        0xc /Users/clementgix/pebble-dev/PebbleSDK-2.0.0/Pebble/lib/libpebble.a(tmpHP0PEBpebble.o)
 .text.window_is_loaded
                0x0000000000000000        0xc /Users/clementgix/pebble-dev/PebbleSDK-2.0.0/Pebble/lib/libpebble.a(tmpHP0PEBpebble.o)
 .text.window_set_click_config_provider
                0x0000000000000000        0xc /Users/clementgix/pebble-dev/PebbleSDK-2.0.0/Pebble/lib/libpebble.a(tmpHP0PEBpebble.o)
 .text.window_set_click_config_provider_with_context
                0x0000000000000000        0xc /Users/clementgix/pebble-dev/PebbleSDK-2.0.0/Pebble/lib/libpebble.a(tmpHP0PEBpebble.o)
 .text.window_set_fullscreen
                0x0000000000000000        0xc /Users/clementgix/pebble-dev/PebbleSDK-2.0.0/Pebble/lib/libpebble.a(tmpHP0PEBpebble.o)
 .text.window_set_status_bar_icon
                0x0000000000000000        0xc /Users/clementgix/pebble-dev/PebbleSDK-2.0.0/Pebble/lib/libpebble.a(tmpHP0PEBpebble.o)
 .text.window_set_window_handlers
                0x0000000000000000        0xc /Users/clementgix/pebble-dev/PebbleSDK-2.0.0/Pebble/lib/libpebble.a(tmpHP0PEBpebble.o)
 .text.window_stack_contains_window
                0x0000000000000000        0xc /Users/clementgix/pebble-dev/PebbleSDK-2.0.0/Pebble/lib/libpebble.a(tmpHP0PEBpebble.o)
 .text.window_stack_get_top_window
                0x0000000000000000        0xc /Users/clementgix/pebble-dev/PebbleSDK-2.0.0/Pebble/lib/libpebble.a(tmpHP0PEBpebble.o)
 .text.window_stack_pop
                0x0000000000000000        0xc /Users/clementgix/pebble-dev/PebbleSDK-2.0.0/Pebble/lib/libpebble.a(tmpHP0PEBpebble.o)
 .text.window_stack_pop_all
                0x0000000000000000        0xc /Users/clementgix/pebble-dev/PebbleSDK-2.0.0/Pebble/lib/libpebble.a(tmpHP0PEBpebble.o)
 .text.window_stack_remove
                0x0000000000000000        0xc /Users/clementgix/pebble-dev/PebbleSDK-2.0.0/Pebble/lib/libpebble.a(tmpHP0PEBpebble.o)
 .text.app_focus_service_subscribe
                0x0000000000000000        0xc /Users/clementgix/pebble-dev/PebbleSDK-2.0.0/Pebble/lib/libpebble.a(tmpHP0PEBpebble.o)
 .text.app_focus_service_unsubscribe
                0x0000000000000000        0xc /Users/clementgix/pebble-dev/PebbleSDK-2.0.0/Pebble/lib/libpebble.a(tmpHP0PEBpebble.o)
 .text.window_get_user_data
                0x0000000000000000        0xc /Users/clementgix/pebble-dev/PebbleSDK-2.0.0/Pebble/lib/libpebble.a(tmpHP0PEBpebble.o)
 .text.window_set_user_data
                0x0000000000000000        0xc /Users/clementgix/pebble-dev/PebbleSDK-2.0.0/Pebble/lib/libpebble.a(tmpHP0PEBpebble.o)
 .text.app_message_get_context
                0x0000000000000000        0xc /Users/clementgix/pebble-dev/PebbleSDK-2.0.0/Pebble/lib/libpebble.a(tmpHP0PEBpebble.o)
 .text.app_message_outbox_begin
                0x0000000000000000        0xc /Users/clementgix/pebble-dev/PebbleSDK-2.0.0/Pebble/lib/libpebble.a(tmpHP0PEBpebble.o)
 .text.app_message_outbox_send
                0x0000000000000000        0xc /Users/clementgix/pebble-dev/PebbleSDK-2.0.0/Pebble/lib/libpebble.a(tmpHP0PEBpebble.o)
 .text.app_message_register_inbox_dropped
                0x0000000000000000        0xc /Users/clementgix/pebble-dev/PebbleSDK-2.0.0/Pebble/lib/libpebble.a(tmpHP0PEBpebble.o)
 .text.app_message_register_outbox_failed
                0x0000000000000000        0xc /Users/clementgix/pebble-dev/PebbleSDK-2.0.0/Pebble/lib/libpebble.a(tmpHP0PEBpebble.o)
 .text.app_message_register_outbox_sent
                0x0000000000000000        0xc /Users/clementgix/pebble-dev/PebbleSDK-2.0.0/Pebble/lib/libpebble.a(tmpHP0PEBpebble.o)
 .text.app_message_set_context
                0x0000000000000000        0xc /Users/clementgix/pebble-dev/PebbleSDK-2.0.0/Pebble/lib/libpebble.a(tmpHP0PEBpebble.o)
 .text.window_long_click_subscribe
                0x0000000000000000        0xc /Users/clementgix/pebble-dev/PebbleSDK-2.0.0/Pebble/lib/libpebble.a(tmpHP0PEBpebble.o)
 .text.window_multi_click_subscribe
                0x0000000000000000        0xc /Users/clementgix/pebble-dev/PebbleSDK-2.0.0/Pebble/lib/libpebble.a(tmpHP0PEBpebble.o)
 .text.window_raw_click_subscribe
                0x0000000000000000        0xc /Users/clementgix/pebble-dev/PebbleSDK-2.0.0/Pebble/lib/libpebble.a(tmpHP0PEBpebble.o)
 .text.window_set_click_context
                0x0000000000000000        0xc /Users/clementgix/pebble-dev/PebbleSDK-2.0.0/Pebble/lib/libpebble.a(tmpHP0PEBpebble.o)
 .text.window_single_click_subscribe
                0x0000000000000000        0xc /Users/clementgix/pebble-dev/PebbleSDK-2.0.0/Pebble/lib/libpebble.a(tmpHP0PEBpebble.o)
 .text.window_single_repeating_click_subscribe
                0x0000000000000000        0xc /Users/clementgix/pebble-dev/PebbleSDK-2.0.0/Pebble/lib/libpebble.a(tmpHP0PEBpebble.o)
 .text.graphics_draw_text
                0x0000000000000000        0xc /Users/clementgix/pebble-dev/PebbleSDK-2.0.0/Pebble/lib/libpebble.a(tmpHP0PEBpebble.o)
 .text.dict_serialize_tuplets_to_buffer
                0x0000000000000000        0xc /Users/clementgix/pebble-dev/PebbleSDK-2.0.0/Pebble/lib/libpebble.a(tmpHP0PEBpebble.o)
 .text.persist_read_data
                0x0000000000000000        0xc /Users/clementgix/pebble-dev/PebbleSDK-2.0.0/Pebble/lib/libpebble.a(tmpHP0PEBpebble.o)
 .text.persist_read_string
                0x0000000000000000        0xc /Users/clementgix/pebble-dev/PebbleSDK-2.0.0/Pebble/lib/libpebble.a(tmpHP0PEBpebble.o)
 .text.persist_write_data
                0x0000000000000000        0xc /Users/clementgix/pebble-dev/PebbleSDK-2.0.0/Pebble/lib/libpebble.a(tmpHP0PEBpebble.o)
 .text.dict_size
                0x0000000000000000        0xc /Users/clementgix/pebble-dev/PebbleSDK-2.0.0/Pebble/lib/libpebble.a(tmpHP0PEBpebble.o)
 .text.graphics_text_layout_get_content_size
                0x0000000000000000        0xc /Users/clementgix/pebble-dev/PebbleSDK-2.0.0/Pebble/lib/libpebble.a(tmpHP0PEBpebble.o)
 .text.simple_menu_layer_get_menu_layer
                0x0000000000000000        0xc /Users/clementgix/pebble-dev/PebbleSDK-2.0.0/Pebble/lib/libpebble.a(tmpHP0PEBpebble.o)
 .text.accel_data_service_subscribe
                0x0000000000000000        0xc /Users/clementgix/pebble-dev/PebbleSDK-2.0.0/Pebble/lib/libpebble.a(tmpHP0PEBpebble.o)
 .text.calloc   0x0000000000000000        0xc /Users/clementgix/pebble-dev/PebbleSDK-2.0.0/Pebble/lib/libpebble.a(tmpHP0PEBpebble.o)
 .text.bitmap_layer_get_bitmap
                0x0000000000000000        0xc /Users/clementgix/pebble-dev/PebbleSDK-2.0.0/Pebble/lib/libpebble.a(tmpHP0PEBpebble.o)
 .text          0x0000000000000000        0x0 /Users/clementgix/pebble-dev/PebbleSDK-2.0.0/arm-cs-tools/bin/../lib/gcc/arm-none-eabi/4.7.2/thumb2/crtend.o
 .bss           0x0000000000000000        0x0 /Users/clementgix/pebble-dev/PebbleSDK-2.0.0/arm-cs-tools/bin/../lib/gcc/arm-none-eabi/4.7.2/thumb2/crtend.o
 .eh_frame      0x0000000000000000        0x4 /Users/clementgix/pebble-dev/PebbleSDK-2.0.0/arm-cs-tools/bin/../lib/gcc/arm-none-eabi/4.7.2/thumb2/crtend.o
 .jcr           0x0000000000000000        0x4 /Users/clementgix/pebble-dev/PebbleSDK-2.0.0/arm-cs-tools/bin/../lib/gcc/arm-none-eabi/4.7.2/thumb2/crtend.o
 .tm_clone_table
                0x0000000000000000        0x0 /Users/clementgix/pebble-dev/PebbleSDK-2.0.0/arm-cs-tools/bin/../lib/gcc/arm-none-eabi/4.7.2/thumb2/crtend.o
 .text          0x0000000000000000        0x0 /Users/clementgix/pebble-dev/PebbleSDK-2.0.0/arm-cs-tools/bin/../lib/gcc/arm-none-eabi/4.7.2/thumb2/crtn.o
 .bss           0x0000000000000000        0x0 /Users/clementgix/pebble-dev/PebbleSDK-2.0.0/arm-cs-tools/bin/../lib/gcc/arm-none-eabi/4.7.2/thumb2/crtn.o
 .init          0x0000000000000000        0x8 /Users/clementgix/pebble-dev/PebbleSDK-2.0.0/arm-cs-tools/bin/../lib/gcc/arm-none-eabi/4.7.2/thumb2/crtn.o
 .fini          0x0000000000000000        0x8 /Users/clementgix/pebble-dev/PebbleSDK-2.0.0/arm-cs-tools/bin/../lib/gcc/arm-none-eabi/4.7.2/thumb2/crtn.o

Memory Configuration

Name             Origin             Length             Attributes
APP              0x0000000000000000 0x0000000000006000 xrw
*default*        0x0000000000000000 0xffffffffffffffff

Linker script and memory map

LOAD /Users/clementgix/pebble-dev/PebbleSDK-2.0.0/arm-cs-tools/bin/../lib/gcc/arm-none-eabi/4.7.2/thumb2/crti.o
LOAD /Users/clementgix/pebble-dev/PebbleSDK-2.0.0/arm-cs-tools/bin/../lib/gcc/arm-none-eabi/4.7.2/thumb2/crtbegin.o
LOAD src/E8.c.12.o
LOAD appinfo.auto.c.12.o
LOAD /Users/clementgix/pebble-dev/PebbleSDK-2.0.0/Pebble/lib/libpebble.a
START GROUP
LOAD /Users/clementgix/pebble-dev/PebbleSDK-2.0.0/arm-cs-tools/bin/../lib/gcc/arm-none-eabi/4.7.2/thumb2/libgcc.a
LOAD /Users/clementgix/pebble-dev/PebbleSDK-2.0.0/arm-cs-tools/bin/../lib/gcc/arm-none-eabi/4.7.2/../../../../arm-none-eabi/lib/thumb2/libc.a
END GROUP
LOAD /Users/clementgix/pebble-dev/PebbleSDK-2.0.0/arm-cs-tools/bin/../lib/gcc/arm-none-eabi/4.7.2/thumb2/crtend.o
LOAD /Users/clementgix/pebble-dev/PebbleSDK-2.0.0/arm-cs-tools/bin/../lib/gcc/arm-none-eabi/4.7.2/thumb2/crtn.o

.header         0x0000000000000000       0x82
 *(.pbl_header)
 .pbl_header    0x0000000000000000       0x82 appinfo.auto.c.12.o
                0x0000000000000000                __pbl_app_info

.text           0x0000000000000084      0xdcf
 *(.text)
 .text          0x0000000000000084       0x14 /Users/clementgix/pebble-dev/PebbleSDK-2.0.0/Pebble/lib/libpebble.a(tmpHP0PEBpebble.o)
 *(.text.*)
 .text.handle_battery
                0x0000000000000098       0x58 src/E8.c.12.o
 .text.in_recv_handler
                0x00000000000000f0      0x13c src/E8.c.12.o
 .text.layer_update_callback_background
                0x000000000000022c       0x3c src/E8.c.12.o
 .text.layer_update_callback_bat_back
                0x0000000000000268      0x1c0 src/E8.c.12.o
 .text.layer_update_callback_animated
                0x0000000000000428       0x48 src/E8.c.12.o
 .text.on_animation_stopped
                0x0000000000000470       0x14 src/E8.c.12.o
                0x0000000000000470                on_animation_stopped
 .text.conversion_from_time_to_hour
                0x0000000000000484       0x18 src/E8.c.12.o
                0x0000000000000484                conversion_from_time_to_hour
 .text.conversion_from_time_to_minute
                0x000000000000049c       0x18 src/E8.c.12.o
                0x000000000000049c                conversion_from_time_to_minute
 .text.layer_update_callback
                0x00000000000004b4      0x1fc src/E8.c.12.o
 .text.animate_layer
                0x00000000000006b0       0x40 src/E8.c.12.o
                0x00000000000006b0                animate_layer
 .text.handle_minute_tick
                0x00000000000006f0      0x1ec src/E8.c.12.o
 .text.init     0x00000000000008dc      0x200 src/E8.c.12.o
                0x00000000000008dc                init
 .text.deinit   0x0000000000000adc       0xa8 src/E8.c.12.o
                0x0000000000000adc                deinit
 .text.startup.main
                0x0000000000000b84       0x1c src/E8.c.12.o
                0x0000000000000b84                main
 .text.animation_schedule
                0x0000000000000ba0        0xc /Users/clementgix/pebble-dev/PebbleSDK-2.0.0/Pebble/lib/libpebble.a(tmpHP0PEBpebble.o)
                0x0000000000000ba0                animation_schedule
 .text.animation_set_delay
                0x0000000000000bac        0xc /Users/clementgix/pebble-dev/PebbleSDK-2.0.0/Pebble/lib/libpebble.a(tmpHP0PEBpebble.o)
                0x0000000000000bac                animation_set_delay
 .text.animation_set_duration
                0x0000000000000bb8        0xc /Users/clementgix/pebble-dev/PebbleSDK-2.0.0/Pebble/lib/libpebble.a(tmpHP0PEBpebble.o)
                0x0000000000000bb8                animation_set_duration
 .text.animation_set_handlers
                0x0000000000000bc4        0xc /Users/clementgix/pebble-dev/PebbleSDK-2.0.0/Pebble/lib/libpebble.a(tmpHP0PEBpebble.o)
                0x0000000000000bc4                animation_set_handlers
 .text.app_event_loop
                0x0000000000000bd0        0xc /Users/clementgix/pebble-dev/PebbleSDK-2.0.0/Pebble/lib/libpebble.a(tmpHP0PEBpebble.o)
                0x0000000000000bd0                app_event_loop
 .text.app_message_open
                0x0000000000000bdc        0xc /Users/clementgix/pebble-dev/PebbleSDK-2.0.0/Pebble/lib/libpebble.a(tmpHP0PEBpebble.o)
                0x0000000000000bdc                app_message_open
 .text.battery_state_service_peek
                0x0000000000000be8        0xc /Users/clementgix/pebble-dev/PebbleSDK-2.0.0/Pebble/lib/libpebble.a(tmpHP0PEBpebble.o)
                0x0000000000000be8                battery_state_service_peek
 .text.battery_state_service_subscribe
                0x0000000000000bf4        0xc /Users/clementgix/pebble-dev/PebbleSDK-2.0.0/Pebble/lib/libpebble.a(tmpHP0PEBpebble.o)
                0x0000000000000bf4                battery_state_service_subscribe
 .text.battery_state_service_unsubscribe
                0x0000000000000c00        0xc /Users/clementgix/pebble-dev/PebbleSDK-2.0.0/Pebble/lib/libpebble.a(tmpHP0PEBpebble.o)
                0x0000000000000c00                battery_state_service_unsubscribe
 .text.clock_is_24h_style
                0x0000000000000c0c        0xc /Users/clementgix/pebble-dev/PebbleSDK-2.0.0/Pebble/lib/libpebble.a(tmpHP0PEBpebble.o)
                0x0000000000000c0c                clock_is_24h_style
 .text.dict_read_first
                0x0000000000000c18        0xc /Users/clementgix/pebble-dev/PebbleSDK-2.0.0/Pebble/lib/libpebble.a(tmpHP0PEBpebble.o)
                0x0000000000000c18                dict_read_first
 .text.dict_read_next
                0x0000000000000c24        0xc /Users/clementgix/pebble-dev/PebbleSDK-2.0.0/Pebble/lib/libpebble.a(tmpHP0PEBpebble.o)
                0x0000000000000c24                dict_read_next
 .text.gbitmap_create_with_resource
                0x0000000000000c30        0xc /Users/clementgix/pebble-dev/PebbleSDK-2.0.0/Pebble/lib/libpebble.a(tmpHP0PEBpebble.o)
                0x0000000000000c30                gbitmap_create_with_resource
 .text.gbitmap_destroy
                0x0000000000000c3c        0xc /Users/clementgix/pebble-dev/PebbleSDK-2.0.0/Pebble/lib/libpebble.a(tmpHP0PEBpebble.o)
                0x0000000000000c3c                gbitmap_destroy
 .text.graphics_context_set_fill_color
                0x0000000000000c48        0xc /Users/clementgix/pebble-dev/PebbleSDK-2.0.0/Pebble/lib/libpebble.a(tmpHP0PEBpebble.o)
                0x0000000000000c48                graphics_context_set_fill_color
 .text.graphics_context_set_stroke_color
                0x0000000000000c54        0xc /Users/clementgix/pebble-dev/PebbleSDK-2.0.0/Pebble/lib/libpebble.a(tmpHP0PEBpebble.o)
                0x0000000000000c54                graphics_context_set_stroke_color
 .text.graphics_draw_bitmap_in_rect
                0x0000000000000c60        0xc /Users/clementgix/pebble-dev/PebbleSDK-2.0.0/Pebble/lib/libpebble.a(tmpHP0PEBpebble.o)
                0x0000000000000c60                graphics_draw_bitmap_in_rect
 .text.graphics_draw_rect
                0x0000000000000c6c        0xc /Users/clementgix/pebble-dev/PebbleSDK-2.0.0/Pebble/lib/libpebble.a(tmpHP0PEBpebble.o)
                0x0000000000000c6c                graphics_draw_rect
 .text.graphics_fill_rect
                0x0000000000000c78        0xc /Users/clementgix/pebble-dev/PebbleSDK-2.0.0/Pebble/lib/libpebble.a(tmpHP0PEBpebble.o)
                0x0000000000000c78                graphics_fill_rect
 .text.inverter_layer_create
                0x0000000000000c84        0xc /Users/clementgix/pebble-dev/PebbleSDK-2.0.0/Pebble/lib/libpebble.a(tmpHP0PEBpebble.o)
                0x0000000000000c84                inverter_layer_create
 .text.inverter_layer_destroy
                0x0000000000000c90        0xc /Users/clementgix/pebble-dev/PebbleSDK-2.0.0/Pebble/lib/libpebble.a(tmpHP0PEBpebble.o)
                0x0000000000000c90                inverter_layer_destroy
 .text.inverter_layer_get_layer
                0x0000000000000c9c        0xc /Users/clementgix/pebble-dev/PebbleSDK-2.0.0/Pebble/lib/libpebble.a(tmpHP0PEBpebble.o)
                0x0000000000000c9c                inverter_layer_get_layer
 .text.layer_add_child
                0x0000000000000ca8        0xc /Users/clementgix/pebble-dev/PebbleSDK-2.0.0/Pebble/lib/libpebble.a(tmpHP0PEBpebble.o)
                0x0000000000000ca8                layer_add_child
 .text.layer_create
                0x0000000000000cb4        0xc /Users/clementgix/pebble-dev/PebbleSDK-2.0.0/Pebble/lib/libpebble.a(tmpHP0PEBpebble.o)
                0x0000000000000cb4                layer_create
 .text.layer_destroy
                0x0000000000000cc0        0xc /Users/clementgix/pebble-dev/PebbleSDK-2.0.0/Pebble/lib/libpebble.a(tmpHP0PEBpebble.o)
                0x0000000000000cc0                layer_destroy
 .text.layer_get_frame
                0x0000000000000ccc        0xc /Users/clementgix/pebble-dev/PebbleSDK-2.0.0/Pebble/lib/libpebble.a(tmpHP0PEBpebble.o)
                0x0000000000000ccc                layer_get_frame
 .text.layer_mark_dirty
                0x0000000000000cd8        0xc /Users/clementgix/pebble-dev/PebbleSDK-2.0.0/Pebble/lib/libpebble.a(tmpHP0PEBpebble.o)
                0x0000000000000cd8                layer_mark_dirty
 .text.layer_remove_child_layers
                0x0000000000000ce4        0xc /Users/clementgix/pebble-dev/PebbleSDK-2.0.0/Pebble/lib/libpebble.a(tmpHP0PEBpebble.o)
                0x0000000000000ce4                layer_remove_child_layers
 .text.layer_set_update_proc
                0x0000000000000cf0        0xc /Users/clementgix/pebble-dev/PebbleSDK-2.0.0/Pebble/lib/libpebble.a(tmpHP0PEBpebble.o)
                0x0000000000000cf0                layer_set_update_proc
 .text.localtime
                0x0000000000000cfc        0xc /Users/clementgix/pebble-dev/PebbleSDK-2.0.0/Pebble/lib/libpebble.a(tmpHP0PEBpebble.o)
                0x0000000000000cfc                localtime
 .text.persist_read_bool
                0x0000000000000d08        0xc /Users/clementgix/pebble-dev/PebbleSDK-2.0.0/Pebble/lib/libpebble.a(tmpHP0PEBpebble.o)
                0x0000000000000d08                persist_read_bool
 .text.persist_read_int
                0x0000000000000d14        0xc /Users/clementgix/pebble-dev/PebbleSDK-2.0.0/Pebble/lib/libpebble.a(tmpHP0PEBpebble.o)
                0x0000000000000d14                persist_read_int
 .text.persist_write_bool
                0x0000000000000d20        0xc /Users/clementgix/pebble-dev/PebbleSDK-2.0.0/Pebble/lib/libpebble.a(tmpHP0PEBpebble.o)
                0x0000000000000d20                persist_write_bool
 .text.persist_write_int
                0x0000000000000d2c        0xc /Users/clementgix/pebble-dev/PebbleSDK-2.0.0/Pebble/lib/libpebble.a(tmpHP0PEBpebble.o)
                0x0000000000000d2c                persist_write_int
 .text.property_animation_create_layer_frame
                0x0000000000000d38        0xc /Users/clementgix/pebble-dev/PebbleSDK-2.0.0/Pebble/lib/libpebble.a(tmpHP0PEBpebble.o)
                0x0000000000000d38                property_animation_create_layer_frame
 .text.property_animation_destroy
                0x0000000000000d44        0xc /Users/clementgix/pebble-dev/PebbleSDK-2.0.0/Pebble/lib/libpebble.a(tmpHP0PEBpebble.o)
                0x0000000000000d44                property_animation_destroy
 .text.srand    0x0000000000000d50        0xc /Users/clementgix/pebble-dev/PebbleSDK-2.0.0/Pebble/lib/libpebble.a(tmpHP0PEBpebble.o)
                0x0000000000000d50                srand
 .text.strcmp   0x0000000000000d5c        0xc /Users/clementgix/pebble-dev/PebbleSDK-2.0.0/Pebble/lib/libpebble.a(tmpHP0PEBpebble.o)
                0x0000000000000d5c                strcmp
 .text.text_layer_create
                0x0000000000000d68        0xc /Users/clementgix/pebble-dev/PebbleSDK-2.0.0/Pebble/lib/libpebble.a(tmpHP0PEBpebble.o)
                0x0000000000000d68                text_layer_create
 .text.text_layer_destroy
                0x0000000000000d74        0xc /Users/clementgix/pebble-dev/PebbleSDK-2.0.0/Pebble/lib/libpebble.a(tmpHP0PEBpebble.o)
                0x0000000000000d74                text_layer_destroy
 .text.text_layer_get_layer
                0x0000000000000d80        0xc /Users/clementgix/pebble-dev/PebbleSDK-2.0.0/Pebble/lib/libpebble.a(tmpHP0PEBpebble.o)
                0x0000000000000d80                text_layer_get_layer
 .text.tick_timer_service_subscribe
                0x0000000000000d8c        0xc /Users/clementgix/pebble-dev/PebbleSDK-2.0.0/Pebble/lib/libpebble.a(tmpHP0PEBpebble.o)
                0x0000000000000d8c                tick_timer_service_subscribe
 .text.tick_timer_service_unsubscribe
                0x0000000000000d98        0xc /Users/clementgix/pebble-dev/PebbleSDK-2.0.0/Pebble/lib/libpebble.a(tmpHP0PEBpebble.o)
                0x0000000000000d98                tick_timer_service_unsubscribe
 .text.time     0x0000000000000da4        0xc /Users/clementgix/pebble-dev/PebbleSDK-2.0.0/Pebble/lib/libpebble.a(tmpHP0PEBpebble.o)
                0x0000000000000da4                time
 .text.window_create
                0x0000000000000db0        0xc /Users/clementgix/pebble-dev/PebbleSDK-2.0.0/Pebble/lib/libpebble.a(tmpHP0PEBpebble.o)
                0x0000000000000db0                window_create
 .text.window_destroy
                0x0000000000000dbc        0xc /Users/clementgix/pebble-dev/PebbleSDK-2.0.0/Pebble/lib/libpebble.a(tmpHP0PEBpebble.o)
                0x0000000000000dbc                window_destroy
 .text.window_get_root_layer
                0x0000000000000dc8        0xc /Users/clementgix/pebble-dev/PebbleSDK-2.0.0/Pebble/lib/libpebble.a(tmpHP0PEBpebble.o)
                0x0000000000000dc8                window_get_root_layer
 .text.window_set_background_color
                0x0000000000000dd4        0xc /Users/clementgix/pebble-dev/PebbleSDK-2.0.0/Pebble/lib/libpebble.a(tmpHP0PEBpebble.o)
                0x0000000000000dd4                window_set_background_color
 .text.window_stack_push
                0x0000000000000de0        0xc /Users/clementgix/pebble-dev/PebbleSDK-2.0.0/Pebble/lib/libpebble.a(tmpHP0PEBpebble.o)
                0x0000000000000de0                window_stack_push
 .text.app_message_inbox_size_maximum
                0x0000000000000dec        0xc /Users/clementgix/pebble-dev/PebbleSDK-2.0.0/Pebble/lib/libpebble.a(tmpHP0PEBpebble.o)
                0x0000000000000dec                app_message_inbox_size_maximum
 .text.app_message_outbox_size_maximum
                0x0000000000000df8        0xc /Users/clementgix/pebble-dev/PebbleSDK-2.0.0/Pebble/lib/libpebble.a(tmpHP0PEBpebble.o)
                0x0000000000000df8                app_message_outbox_size_maximum
 .text.app_message_register_inbox_received
                0x0000000000000e04        0xc /Users/clementgix/pebble-dev/PebbleSDK-2.0.0/Pebble/lib/libpebble.a(tmpHP0PEBpebble.o)
                0x0000000000000e04                app_message_register_inbox_received
 *(.rodata)
 .rodata        0x0000000000000e10       0x38 src/E8.c.12.o
 *(.rodata*)
 .rodata.str1.1
                0x0000000000000e48        0xb src/E8.c.12.o

.glue_7         0x0000000000000e54        0x0
 .glue_7        0x0000000000000000        0x0 linker stubs

.glue_7t        0x0000000000000e54        0x0
 .glue_7t       0x0000000000000000        0x0 linker stubs

.vfp11_veneer   0x0000000000000e54        0x0
 .vfp11_veneer  0x0000000000000000        0x0 linker stubs

.v4_bx          0x0000000000000e54        0x0
 .v4_bx         0x0000000000000000        0x0 linker stubs

.iplt           0x0000000000000e54        0x0
 .iplt          0x0000000000000000        0x0 /Users/clementgix/pebble-dev/PebbleSDK-2.0.0/arm-cs-tools/bin/../lib/gcc/arm-none-eabi/4.7.2/thumb2/crtbegin.o

.rel.dyn        0x0000000000000e54        0x0
 .rel.iplt      0x0000000000000000        0x0 /Users/clementgix/pebble-dev/PebbleSDK-2.0.0/arm-cs-tools/bin/../lib/gcc/arm-none-eabi/4.7.2/thumb2/crtbegin.o
 .rel.got       0x0000000000000000        0x0 /Users/clementgix/pebble-dev/PebbleSDK-2.0.0/arm-cs-tools/bin/../lib/gcc/arm-none-eabi/4.7.2/thumb2/crtbegin.o

.data           0x0000000000000e54        0x4
 *(.data)
 .data          0x0000000000000e54        0x0 /Users/clementgix/pebble-dev/PebbleSDK-2.0.0/arm-cs-tools/bin/../lib/gcc/arm-none-eabi/4.7.2/thumb2/crti.o
 .data          0x0000000000000e54        0x4 /Users/clementgix/pebble-dev/PebbleSDK-2.0.0/arm-cs-tools/bin/../lib/gcc/arm-none-eabi/4.7.2/thumb2/crtbegin.o
                0x0000000000000e54                __dso_handle
 .data          0x0000000000000e58        0x0 src/E8.c.12.o
 .data          0x0000000000000e58        0x0 appinfo.auto.c.12.o
 .data          0x0000000000000e58        0x0 /Users/clementgix/pebble-dev/PebbleSDK-2.0.0/Pebble/lib/libpebble.a(tmpHP0PEBpebble.o)
 .data          0x0000000000000e58        0x0 /Users/clementgix/pebble-dev/PebbleSDK-2.0.0/arm-cs-tools/bin/../lib/gcc/arm-none-eabi/4.7.2/thumb2/crtend.o
 .data          0x0000000000000e58        0x0 /Users/clementgix/pebble-dev/PebbleSDK-2.0.0/arm-cs-tools/bin/../lib/gcc/arm-none-eabi/4.7.2/thumb2/crtn.o
 *(.data.*)

.igot.plt       0x0000000000000e58        0x0
 .igot.plt      0x0000000000000000        0x0 /Users/clementgix/pebble-dev/PebbleSDK-2.0.0/arm-cs-tools/bin/../lib/gcc/arm-none-eabi/4.7.2/thumb2/crtbegin.o

.got            0x0000000000000e58        0x4
 .got           0x0000000000000e58        0x4 /Users/clementgix/pebble-dev/PebbleSDK-2.0.0/arm-cs-tools/bin/../lib/gcc/arm-none-eabi/4.7.2/thumb2/crtbegin.o

.got.plt        0x0000000000000e5c        0xc
 .got.plt       0x0000000000000e5c        0xc /Users/clementgix/pebble-dev/PebbleSDK-2.0.0/arm-cs-tools/bin/../lib/gcc/arm-none-eabi/4.7.2/thumb2/crtbegin.o
                0x0000000000000e5c                _GLOBAL_OFFSET_TABLE_

.bss            0x0000000000000e68       0x41
 *(.bss)
 *(.bss.*)
 .bss.bat_back_layer
                0x0000000000000e68        0x4 src/E8.c.12.o
 .bss.background_image
                0x0000000000000e6c        0x4 src/E8.c.12.o
 .bss.animated_layer
                0x0000000000000e70        0x4 src/E8.c.12.o
 .bss.bat_charging
                0x0000000000000e74        0x4 src/E8.c.12.o
 .bss.bat_charging_layer
                0x0000000000000e78        0x4 src/E8.c.12.o
 .bss.battery   0x0000000000000e7c        0x4 src/E8.c.12.o
 .bss.flag2     0x0000000000000e80        0x4 src/E8.c.12.o
 .bss.inverter_layer
                0x0000000000000e84        0x4 src/E8.c.12.o
 .bss.inverter_root_layer
                0x0000000000000e88        0x4 src/E8.c.12.o
 .bss.charge_round
                0x0000000000000e8c        0x4 src/E8.c.12.o
 .bss.background_layer
                0x0000000000000e90        0x4 src/E8.c.12.o
 .bss.flag      0x0000000000000e94        0x4 src/E8.c.12.o
 .bss.time_layer
                0x0000000000000e98        0x4 src/E8.c.12.o
 .bss.bat_back  0x0000000000000e9c        0x4 src/E8.c.12.o
 .bss.image_layer
                0x0000000000000ea0        0x4 src/E8.c.12.o
 .bss.window    0x0000000000000ea4        0x4 src/E8.c.12.o
 COMMON         0x0000000000000ea8        0x1 src/E8.c.12.o
                0x0000000000000ea8                inverted

DISCARD
 libc.a(*)
 libm.a(*)
 libgcc.a(*)
 *(.eh_frame)
OUTPUT(/Users/clementgix/pebble-dev/PebbleSDK-2.2/ownWatchfaces_2.2/Javascript/one_source_animated_java_E8/build/pebble-app.elf elf32-littlearm)

.ARM.attributes
                0x0000000000000000       0x27
 .ARM.attributes
                0x0000000000000000       0x19 /Users/clementgix/pebble-dev/PebbleSDK-2.0.0/arm-cs-tools/bin/../lib/gcc/arm-none-eabi/4.7.2/thumb2/crti.o
 .ARM.attributes
                0x0000000000000019       0x29 /Users/clementgix/pebble-dev/PebbleSDK-2.0.0/arm-cs-tools/bin/../lib/gcc/arm-none-eabi/4.7.2/thumb2/crtbegin.o
 .ARM.attributes
                0x0000000000000042       0x33 src/E8.c.12.o
 .ARM.attributes
                0x0000000000000075       0x33 appinfo.auto.c.12.o
 .ARM.attributes
                0x00000000000000a8       0x21 /Users/clementgix/pebble-dev/PebbleSDK-2.0.0/Pebble/lib/libpebble.a(tmpHP0PEBpebble.o)
 .ARM.attributes
                0x00000000000000c9       0x29 /Users/clementgix/pebble-dev/PebbleSDK-2.0.0/arm-cs-tools/bin/../lib/gcc/arm-none-eabi/4.7.2/thumb2/crtend.o
 .ARM.attributes
                0x00000000000000f2       0x19 /Users/clementgix/pebble-dev/PebbleSDK-2.0.0/arm-cs-tools/bin/../lib/gcc/arm-none-eabi/4.7.2/thumb2/crtn.o

.comment        0x0000000000000000       0x4e
 .comment       0x0000000000000000       0x4e /Users/clementgix/pebble-dev/PebbleSDK-2.0.0/arm-cs-tools/bin/../lib/gcc/arm-none-eabi/4.7.2/thumb2/crtbegin.o
                                         0x4f (size before relaxing)
 .comment       0x0000000000000000       0x4f src/E8.c.12.o
 .comment       0x0000000000000000       0x4f appinfo.auto.c.12.o
 .comment       0x0000000000000000       0x4f /Users/clementgix/pebble-dev/PebbleSDK-2.0.0/arm-cs-tools/bin/../lib/gcc/arm-none-eabi/4.7.2/thumb2/crtend.o

.debug_info     0x0000000000000000     0x22c2
 .debug_info    0x0000000000000000     0x1f5b src/E8.c.12.o
 .debug_info    0x0000000000001f5b      0x367 appinfo.auto.c.12.o

.debug_abbrev   0x0000000000000000      0x4e2
 .debug_abbrev  0x0000000000000000      0x437 src/E8.c.12.o
 .debug_abbrev  0x0000000000000437       0xab appinfo.auto.c.12.o

.debug_loc      0x0000000000000000      0xa67
 .debug_loc     0x0000000000000000      0xa67 src/E8.c.12.o

.debug_aranges  0x0000000000000000       0xc0
 .debug_aranges
                0x0000000000000000       0xa8 src/E8.c.12.o
 .debug_aranges
                0x00000000000000a8       0x18 appinfo.auto.c.12.o

.debug_ranges   0x0000000000000000      0x138
 .debug_ranges  0x0000000000000000      0x138 src/E8.c.12.o

.debug_line     0x0000000000000000      0x646
 .debug_line    0x0000000000000000      0x520 src/E8.c.12.o
 .debug_line    0x0000000000000520      0x126 appinfo.auto.c.12.o

.debug_str      0x0000000000000000     0x1190
 .debug_str     0x0000000000000000      0xfb8 src/E8.c.12.o
                                       0x1115 (size before relaxing)
 .debug_str     0x0000000000000fb8      0x1d8 appinfo.auto.c.12.o
                                        0x3c6 (size before relaxing)

.debug_frame    0x0000000000000000      0x1f4
 .debug_frame   0x0000000000000000      0x1f4 src/E8.c.12.o
